// Vitest Snapshot v1, https://vitest.dev/guide/snapshot.html

exports[`Homepage component > renders homepage according to snapshot 1`] = `undefined`;
